# serializer version: 1
# name: test_tool_definitions_match_the_snapshot
  list([
    dict({
      'annotations': dict({
        'destructiveHint': False,
        'idempotentHint': True,
        'openWorldHint': False,
        'readOnlyHint': True,
        'title': 'Server status',
      }),
      'description': '''
        Report this server's version, the agent protocol version it speaks, where it keeps its data (the profile root),
        what the connected MCP client supports, and which tool groups are enabled. Read-only; safe to call at any time.
      ''',
      'inputSchema': dict({
        'additionalProperties': False,
        'properties': dict({
        }),
        'type': 'object',
      }),
      'name': 'server_status',
      'outputSchema': dict({
        'additionalProperties': True,
        'type': 'object',
      }),
      'title': 'Server status',
    }),
    dict({
      'annotations': dict({
        'destructiveHint': False,
        'idempotentHint': True,
        'openWorldHint': False,
        'readOnlyHint': True,
        'title': 'Enable tool groups',
      }),
      'description': '''
        List the tools of more groups (code, assets, runtime, instrument, live_act, mods). Only listing changes: nothing
        in the game or on disk. Enabling live_act lists the tools; using them still needs the agent's mode and consent.
      ''',
      'inputSchema': dict({
        'additionalProperties': False,
        'properties': dict({
          'groups': dict({
            'description': 'Tool groups: core, code, assets, runtime, instrument, live_act, mods.',
            'items': dict({
              'type': 'string',
            }),
            'minItems': 1,
            'type': 'array',
          }),
        }),
        'required': list([
          'groups',
        ]),
        'type': 'object',
      }),
      'name': 'tools_enable',
      'outputSchema': dict({
        'additionalProperties': True,
        'type': 'object',
      }),
      'title': 'Enable tool groups',
    }),
    dict({
      'annotations': dict({
        'destructiveHint': False,
        'idempotentHint': True,
        'openWorldHint': False,
        'readOnlyHint': True,
        'title': 'Disable tool groups',
      }),
      'description': 'Stop listing the tools of some groups, to save context. The core group always stays.',
      'inputSchema': dict({
        'additionalProperties': False,
        'properties': dict({
          'groups': dict({
            'description': 'Tool groups: core, code, assets, runtime, instrument, live_act, mods.',
            'items': dict({
              'type': 'string',
            }),
            'minItems': 1,
            'type': 'array',
          }),
        }),
        'required': list([
          'groups',
        ]),
        'type': 'object',
      }),
      'name': 'tools_disable',
      'outputSchema': dict({
        'additionalProperties': True,
        'type': 'object',
      }),
      'title': 'Disable tool groups',
    }),
    dict({
      'annotations': dict({
        'destructiveHint': False,
        'idempotentHint': True,
        'openWorldHint': False,
        'readOnlyHint': True,
        'title': 'Get machine settings',
      }),
      'description': '''
        The machine settings (settings.json in the profile root): tool install paths, release pins and machine-wide
        defaults. Output folders aren't settings; see paths_get. Also shows the .NET SDK found on this machine.
      ''',
      'inputSchema': dict({
        'additionalProperties': False,
        'properties': dict({
          'key': dict({
            'anyOf': list([
              dict({
                'type': 'string',
              }),
              dict({
                'type': 'null',
              }),
            ]),
            'default': None,
            'description': 'One setting; all when omitted.',
          }),
        }),
        'type': 'object',
      }),
      'name': 'config_get',
      'outputSchema': dict({
        'additionalProperties': True,
        'type': 'object',
      }),
      'title': 'Get machine settings',
    }),
    dict({
      'annotations': dict({
        'destructiveHint': True,
        'idempotentHint': True,
        'openWorldHint': False,
        'readOnlyHint': False,
        'title': 'Change a machine setting',
      }),
      'description': '''
        Change one machine setting. Install paths are only what the user tells you (never guess one); output folders are
        set with paths_set instead. Limits set here are this machine's defaults for every game.
      ''',
      'inputSchema': dict({
        '$defs': dict({
          'JsonValue': dict({
          }),
        }),
        'additionalProperties': False,
        'properties': dict({
          'key': dict({
            'description': 'A machine setting: dotnet_path, dnspy_path, assetstudio_cli_path, agent_package, dnspy_bridge_package, loader_pins.bepinex5, coverage_overrides, log_level, or limits.<limit>, advisor.<name>, ui.<name>.',
            'minLength': 1,
            'type': 'string',
          }),
          'value': dict({
            '$ref': '#/$defs/JsonValue',
            'description': 'The new value; null clears it.',
          }),
        }),
        'required': list([
          'key',
          'value',
        ]),
        'type': 'object',
      }),
      'name': 'config_set',
      'outputSchema': dict({
        'additionalProperties': True,
        'type': 'object',
      }),
      'title': 'Change a machine setting',
    }),
    dict({
      'annotations': dict({
        'destructiveHint': False,
        'idempotentHint': True,
        'openWorldHint': False,
        'readOnlyHint': True,
        'title': 'List targets',
      }),
      'description': 'The games ULM has a profile for, with their projects, and which ones are active.',
      'inputSchema': dict({
        'additionalProperties': False,
        'properties': dict({
        }),
        'type': 'object',
      }),
      'name': 'target_list',
      'outputSchema': dict({
        'additionalProperties': True,
        'type': 'object',
      }),
      'title': 'List targets',
    }),
    dict({
      'annotations': dict({
        'destructiveHint': False,
        'idempotentHint': True,
        'openWorldHint': False,
        'readOnlyHint': True,
        'title': 'Describe a target',
      }),
      'description': '''
        Everything known about a target: its facts with provenance (source user > runtime > static > research >
        default), builds, analysis depth, optional providers and projects.
      ''',
      'inputSchema': dict({
        'additionalProperties': False,
        'properties': dict({
          'target': dict({
            'anyOf': list([
              dict({
                'type': 'string',
              }),
              dict({
                'type': 'null',
              }),
            ]),
            'default': None,
            'description': 'Target key. Defaults to the active target.',
          }),
        }),
        'type': 'object',
      }),
      'name': 'target_info',
      'outputSchema': dict({
        'additionalProperties': True,
        'type': 'object',
      }),
      'title': 'Describe a target',
    }),
    dict({
      'annotations': dict({
        'destructiveHint': True,
        'idempotentHint': True,
        'openWorldHint': False,
        'readOnlyHint': False,
        'title': 'Set a target fact',
      }),
      'description': '''
        Record something the user told you about the game, as a `user` fact (it outranks everything ULM found itself).
        Only record what the user actually said.
      ''',
      'inputSchema': dict({
        '$defs': dict({
          'JsonValue': dict({
          }),
        }),
        'additionalProperties': False,
        'properties': dict({
          'name': dict({
            'description': "The fact, as '<section>.<name>' (e.g. identity.company).",
            'minLength': 3,
            'type': 'string',
          }),
          'note': dict({
            'anyOf': list([
              dict({
                'type': 'string',
              }),
              dict({
                'type': 'null',
              }),
            ]),
            'default': None,
            'description': 'Why, or where the value comes from.',
          }),
          'target': dict({
            'anyOf': list([
              dict({
                'type': 'string',
              }),
              dict({
                'type': 'null',
              }),
            ]),
            'default': None,
            'description': 'Target key. Defaults to the active target.',
          }),
          'value': dict({
            '$ref': '#/$defs/JsonValue',
            'description': 'The value.',
          }),
        }),
        'required': list([
          'name',
          'value',
        ]),
        'type': 'object',
      }),
      'name': 'target_set_fact',
      'outputSchema': dict({
        'additionalProperties': True,
        'type': 'object',
      }),
      'title': 'Set a target fact',
    }),
    dict({
      'annotations': dict({
        'destructiveHint': True,
        'idempotentHint': False,
        'openWorldHint': False,
        'readOnlyHint': False,
        'title': 'Remove a target',
      }),
      'description': '''
        Delete a target's profile: its facts, knowledge and projects. Refused while ULM's runtime or mods are still
        installed in the game. The game itself is never touched, and exported files stay unless delete_exports is set.
        
        This changes something. Before calling it, tell the user in plain words what will happen and set user_confirmed only after they explicitly say yes; never decide for them.
      ''',
      'inputSchema': dict({
        'additionalProperties': False,
        'properties': dict({
          'delete_exports': dict({
            'default': False,
            'description': 'Also delete files ULM exported for it (only ones unchanged since).',
            'type': 'boolean',
          }),
          'key': dict({
            'description': 'The target key (target_list shows them).',
            'minLength': 1,
            'type': 'string',
          }),
          'user_confirmed': dict({
            'default': False,
            'description': 'Set only if the user explicitly approved this specific action in this conversation.',
            'type': 'boolean',
          }),
        }),
        'required': list([
          'key',
        ]),
        'type': 'object',
      }),
      'name': 'target_remove',
      'outputSchema': dict({
        'additionalProperties': True,
        'type': 'object',
      }),
      'title': 'Remove a target',
    }),
    dict({
      'annotations': dict({
        'destructiveHint': True,
        'idempotentHint': True,
        'openWorldHint': False,
        'readOnlyHint': False,
        'title': 'Open a project',
      }),
      'description': '''
        Open a project (a piece of work on the target, usually a mod), creating it if it's new, and make it the active
        project. Creating one only adds a folder to ULM's profile.
      ''',
      'inputSchema': dict({
        'additionalProperties': False,
        'properties': dict({
          'name': dict({
            'description': "The project's name (e.g. 'Faster crafting').",
            'maxLength': 80,
            'minLength': 1,
            'type': 'string',
          }),
          'target': dict({
            'anyOf': list([
              dict({
                'type': 'string',
              }),
              dict({
                'type': 'null',
              }),
            ]),
            'default': None,
            'description': 'Target key. Defaults to the active target.',
          }),
        }),
        'required': list([
          'name',
        ]),
        'type': 'object',
      }),
      'name': 'project_open',
      'outputSchema': dict({
        'additionalProperties': True,
        'type': 'object',
      }),
      'title': 'Open a project',
    }),
    dict({
      'annotations': dict({
        'destructiveHint': False,
        'idempotentHint': True,
        'openWorldHint': False,
        'readOnlyHint': True,
        'title': 'List projects',
      }),
      'description': 'The projects of a target.',
      'inputSchema': dict({
        'additionalProperties': False,
        'properties': dict({
          'target': dict({
            'anyOf': list([
              dict({
                'type': 'string',
              }),
              dict({
                'type': 'null',
              }),
            ]),
            'default': None,
            'description': 'Target key. Defaults to the active target.',
          }),
        }),
        'type': 'object',
      }),
      'name': 'project_list',
      'outputSchema': dict({
        'additionalProperties': True,
        'type': 'object',
      }),
      'title': 'List projects',
    }),
    dict({
      'annotations': dict({
        'destructiveHint': False,
        'idempotentHint': True,
        'openWorldHint': False,
        'readOnlyHint': True,
        'title': 'Describe a project',
      }),
      'description': "A project's facts with provenance, its mod status and whether it needs review after a game update.",
      'inputSchema': dict({
        'additionalProperties': False,
        'properties': dict({
          'project': dict({
            'anyOf': list([
              dict({
                'type': 'string',
              }),
              dict({
                'type': 'null',
              }),
            ]),
            'default': None,
            'description': 'Project name. Defaults to the active project.',
          }),
          'target': dict({
            'anyOf': list([
              dict({
                'type': 'string',
              }),
              dict({
                'type': 'null',
              }),
            ]),
            'default': None,
            'description': 'Target key. Defaults to the active target.',
          }),
        }),
        'type': 'object',
      }),
      'name': 'project_info',
      'outputSchema': dict({
        'additionalProperties': True,
        'type': 'object',
      }),
      'title': 'Describe a project',
    }),
    dict({
      'annotations': dict({
        'destructiveHint': True,
        'idempotentHint': True,
        'openWorldHint': False,
        'readOnlyHint': False,
        'title': 'Set a project fact',
      }),
      'description': '''
        Record something the user decided about the project (e.g. identity.goal, mod.name) as a `user` fact. Only
        record what the user actually said.
      ''',
      'inputSchema': dict({
        '$defs': dict({
          'JsonValue': dict({
          }),
        }),
        'additionalProperties': False,
        'properties': dict({
          'name': dict({
            'description': "The fact, as '<section>.<name>' (e.g. identity.company).",
            'minLength': 3,
            'type': 'string',
          }),
          'note': dict({
            'anyOf': list([
              dict({
                'type': 'string',
              }),
              dict({
                'type': 'null',
              }),
            ]),
            'default': None,
            'description': 'Why, or where the value comes from.',
          }),
          'project': dict({
            'anyOf': list([
              dict({
                'type': 'string',
              }),
              dict({
                'type': 'null',
              }),
            ]),
            'default': None,
            'description': 'Project name. Defaults to the active project.',
          }),
          'target': dict({
            'anyOf': list([
              dict({
                'type': 'string',
              }),
              dict({
                'type': 'null',
              }),
            ]),
            'default': None,
            'description': 'Target key. Defaults to the active target.',
          }),
          'value': dict({
            '$ref': '#/$defs/JsonValue',
            'description': 'The value.',
          }),
        }),
        'required': list([
          'name',
          'value',
        ]),
        'type': 'object',
      }),
      'name': 'project_set_fact',
      'outputSchema': dict({
        'additionalProperties': True,
        'type': 'object',
      }),
      'title': 'Set a project fact',
    }),
    dict({
      'annotations': dict({
        'destructiveHint': True,
        'idempotentHint': True,
        'openWorldHint': False,
        'readOnlyHint': False,
        'title': 'Close the project',
      }),
      'description': 'Stop working on the active project (the target stays active). Nothing is deleted.',
      'inputSchema': dict({
        'additionalProperties': False,
        'properties': dict({
        }),
        'type': 'object',
      }),
      'name': 'project_close',
      'outputSchema': dict({
        'additionalProperties': True,
        'type': 'object',
      }),
      'title': 'Close the project',
    }),
    dict({
      'annotations': dict({
        'destructiveHint': True,
        'idempotentHint': False,
        'openWorldHint': False,
        'readOnlyHint': False,
        'title': 'Remove a project',
      }),
      'description': '''
        Delete a project's profile (its facts, notes and knowledge). Refused while the mod is deployed in the game.
        Files it exported are listed, not deleted.
        
        This changes something. Before calling it, tell the user in plain words what will happen and set user_confirmed only after they explicitly say yes; never decide for them.
      ''',
      'inputSchema': dict({
        'additionalProperties': False,
        'properties': dict({
          'name': dict({
            'description': "The project's name (e.g. 'Faster crafting').",
            'maxLength': 80,
            'minLength': 1,
            'type': 'string',
          }),
          'target': dict({
            'anyOf': list([
              dict({
                'type': 'string',
              }),
              dict({
                'type': 'null',
              }),
            ]),
            'default': None,
            'description': 'Target key. Defaults to the active target.',
          }),
          'user_confirmed': dict({
            'default': False,
            'description': 'Set only if the user explicitly approved this specific action in this conversation.',
            'type': 'boolean',
          }),
        }),
        'required': list([
          'name',
        ]),
        'type': 'object',
      }),
      'name': 'project_remove',
      'outputSchema': dict({
        'additionalProperties': True,
        'type': 'object',
      }),
      'title': 'Remove a project',
    }),
    dict({
      'annotations': dict({
        'destructiveHint': False,
        'idempotentHint': True,
        'openWorldHint': False,
        'readOnlyHint': True,
        'title': 'Get output paths',
      }),
      'description': '''
        Where ULM writes for the user: each output folder, and whether it's set on the project, the target, or is a
        default inside ULM's profile. Unset folders (null) are asked for when first needed.
      ''',
      'inputSchema': dict({
        'additionalProperties': False,
        'properties': dict({
          'project': dict({
            'anyOf': list([
              dict({
                'type': 'string',
              }),
              dict({
                'type': 'null',
              }),
            ]),
            'default': None,
            'description': 'Project name. Defaults to the active project.',
          }),
          'target': dict({
            'anyOf': list([
              dict({
                'type': 'string',
              }),
              dict({
                'type': 'null',
              }),
            ]),
            'default': None,
            'description': 'Target key. Defaults to the active target.',
          }),
        }),
        'type': 'object',
      }),
      'name': 'paths_get',
      'outputSchema': dict({
        'additionalProperties': True,
        'type': 'object',
      }),
      'title': 'Get output paths',
    }),
    dict({
      'annotations': dict({
        'destructiveHint': True,
        'idempotentHint': False,
        'openWorldHint': False,
        'readOnlyHint': False,
        'title': 'Set an output path',
      }),
      'description': '''
        Set an output folder the user chose. Only ever use a folder the user named; never pick one yourself. The folder
        must be absolute, outside the game install and writable; it's created now.
        
        This changes something. Before calling it, tell the user in plain words what will happen and set user_confirmed only after they explicitly say yes; never decide for them.
      ''',
      'inputSchema': dict({
        'additionalProperties': False,
        'properties': dict({
          'allow_overlap': dict({
            'default': False,
            'description': 'The user accepted that this folder overlaps another output folder.',
            'type': 'boolean',
          }),
          'key': dict({
            'description': 'The path: paths.asset_export, paths.decompiled_code, paths.mod_project, paths.mod_export, paths.artifacts, paths.cache.',
            'type': 'string',
          }),
          'move_existing': dict({
            'default': False,
            'description': 'Move the files ULM already exported there to the new folder.',
            'type': 'boolean',
          }),
          'path': dict({
            'description': 'The folder, exactly as the user gave it (absolute).',
            'minLength': 1,
            'type': 'string',
          }),
          'project': dict({
            'anyOf': list([
              dict({
                'type': 'string',
              }),
              dict({
                'type': 'null',
              }),
            ]),
            'default': None,
            'description': 'Project name. Defaults to the active project.',
          }),
          'scope': dict({
            'description': 'Set it for the whole target, or for the project only.',
            'enum': list([
              'target',
              'project',
            ]),
            'type': 'string',
          }),
          'target': dict({
            'anyOf': list([
              dict({
                'type': 'string',
              }),
              dict({
                'type': 'null',
              }),
            ]),
            'default': None,
            'description': 'Target key. Defaults to the active target.',
          }),
          'user_confirmed': dict({
            'default': False,
            'description': 'Set only if the user explicitly approved this specific action in this conversation.',
            'type': 'boolean',
          }),
        }),
        'required': list([
          'scope',
          'key',
          'path',
        ]),
        'type': 'object',
      }),
      'name': 'paths_set',
      'outputSchema': dict({
        'additionalProperties': True,
        'type': 'object',
      }),
      'title': 'Set an output path',
    }),
    dict({
      'annotations': dict({
        'destructiveHint': False,
        'idempotentHint': True,
        'openWorldHint': False,
        'readOnlyHint': True,
        'title': 'List exported files',
      }),
      'description': "The files ULM exported to the user's folders (from the exports ledger), and whether each is still unchanged.",
      'inputSchema': dict({
        'additionalProperties': False,
        'properties': dict({
          'filter': dict({
            'anyOf': list([
              dict({
                'type': 'string',
              }),
              dict({
                'type': 'null',
              }),
            ]),
            'default': None,
            'description': 'Only files whose path contains this text.',
          }),
          'project': dict({
            'anyOf': list([
              dict({
                'type': 'string',
              }),
              dict({
                'type': 'null',
              }),
            ]),
            'default': None,
            'description': 'Project name. Defaults to the active project.',
          }),
          'scope': dict({
            'anyOf': list([
              dict({
                'enum': list([
                  'target',
                  'project',
                ]),
                'type': 'string',
              }),
              dict({
                'type': 'null',
              }),
            ]),
            'default': None,
            'description': "Whose exports: the target's or the project's (default: the project's when one is open).",
          }),
          'target': dict({
            'anyOf': list([
              dict({
                'type': 'string',
              }),
              dict({
                'type': 'null',
              }),
            ]),
            'default': None,
            'description': 'Target key. Defaults to the active target.',
          }),
        }),
        'type': 'object',
      }),
      'name': 'exports_list',
      'outputSchema': dict({
        'additionalProperties': True,
        'type': 'object',
      }),
      'title': 'List exported files',
    }),
    dict({
      'annotations': dict({
        'destructiveHint': True,
        'idempotentHint': False,
        'openWorldHint': False,
        'readOnlyHint': False,
        'title': 'Delete exported files',
      }),
      'description': '''
        Delete files ULM exported (only those listed in its exports ledger, and only if unchanged since; changed files
        are kept and reported). Nothing else in the folders is touched.
        
        This changes something. Before calling it, tell the user in plain words what will happen and set user_confirmed only after they explicitly say yes; never decide for them.
      ''',
      'inputSchema': dict({
        'additionalProperties': False,
        'properties': dict({
          'filter': dict({
            'anyOf': list([
              dict({
                'type': 'string',
              }),
              dict({
                'type': 'null',
              }),
            ]),
            'default': None,
            'description': 'Only files whose path contains this text.',
          }),
          'project': dict({
            'anyOf': list([
              dict({
                'type': 'string',
              }),
              dict({
                'type': 'null',
              }),
            ]),
            'default': None,
            'description': 'Project name. Defaults to the active project.',
          }),
          'scope': dict({
            'anyOf': list([
              dict({
                'enum': list([
                  'target',
                  'project',
                ]),
                'type': 'string',
              }),
              dict({
                'type': 'null',
              }),
            ]),
            'default': None,
            'description': "Whose exports: the target's or the project's (default: the project's when one is open).",
          }),
          'target': dict({
            'anyOf': list([
              dict({
                'type': 'string',
              }),
              dict({
                'type': 'null',
              }),
            ]),
            'default': None,
            'description': 'Target key. Defaults to the active target.',
          }),
          'user_confirmed': dict({
            'default': False,
            'description': 'Set only if the user explicitly approved this specific action in this conversation.',
            'type': 'boolean',
          }),
        }),
        'type': 'object',
      }),
      'name': 'exports_clean',
      'outputSchema': dict({
        'additionalProperties': True,
        'type': 'object',
      }),
      'title': 'Delete exported files',
    }),
    dict({
      'annotations': dict({
        'destructiveHint': False,
        'idempotentHint': True,
        'openWorldHint': False,
        'readOnlyHint': True,
        'title': 'Get a task',
      }),
      'description': "A task's state and progress, and its result once it has finished.",
      'inputSchema': dict({
        'additionalProperties': False,
        'properties': dict({
          'task_id': dict({
            'description': 'The task_id a tool returned.',
            'minLength': 1,
            'type': 'string',
          }),
        }),
        'required': list([
          'task_id',
        ]),
        'type': 'object',
      }),
      'name': 'task_get',
      'outputSchema': dict({
        'additionalProperties': True,
        'type': 'object',
      }),
      'title': 'Get a task',
    }),
    dict({
      'annotations': dict({
        'destructiveHint': False,
        'idempotentHint': True,
        'openWorldHint': False,
        'readOnlyHint': True,
        'title': 'Wait for a task',
      }),
      'description': '''
        Wait for a task to finish and return its result. Returns early with the current state and progress when the wait
        time is up: call it again to keep waiting.
      ''',
      'inputSchema': dict({
        'additionalProperties': False,
        'properties': dict({
          'task_id': dict({
            'description': 'The task_id a tool returned.',
            'minLength': 1,
            'type': 'string',
          }),
          'timeout_s': dict({
            'anyOf': list([
              dict({
                'exclusiveMinimum': 0,
                'type': 'number',
              }),
              dict({
                'type': 'null',
              }),
            ]),
            'default': None,
            'description': 'Longest wait in seconds (capped by the task.wait_poll_s limit).',
          }),
        }),
        'required': list([
          'task_id',
        ]),
        'type': 'object',
      }),
      'name': 'task_wait',
      'outputSchema': dict({
        'additionalProperties': True,
        'type': 'object',
      }),
      'title': 'Wait for a task',
    }),
    dict({
      'annotations': dict({
        'destructiveHint': True,
        'idempotentHint': True,
        'openWorldHint': False,
        'readOnlyHint': False,
        'title': 'Cancel a task',
      }),
      'description': 'Cancel a running task. Work it already finished stays; a finished task is returned unchanged.',
      'inputSchema': dict({
        'additionalProperties': False,
        'properties': dict({
          'task_id': dict({
            'description': 'The task_id a tool returned.',
            'minLength': 1,
            'type': 'string',
          }),
        }),
        'required': list([
          'task_id',
        ]),
        'type': 'object',
      }),
      'name': 'task_cancel',
      'outputSchema': dict({
        'additionalProperties': True,
        'type': 'object',
      }),
      'title': 'Cancel a task',
    }),
    dict({
      'annotations': dict({
        'destructiveHint': False,
        'idempotentHint': True,
        'openWorldHint': False,
        'readOnlyHint': True,
        'title': 'List tasks',
      }),
      'description': 'The tasks of this session (and interrupted ones from earlier sessions), oldest first, without their results.',
      'inputSchema': dict({
        '$defs': dict({
          'TaskState': dict({
            'enum': list([
              'running',
              'succeeded',
              'failed',
              'cancelled',
              'interrupted',
            ]),
            'type': 'string',
          }),
        }),
        'additionalProperties': False,
        'properties': dict({
          'state': dict({
            'anyOf': list([
              dict({
                '$ref': '#/$defs/TaskState',
              }),
              dict({
                'type': 'null',
              }),
            ]),
            'default': None,
            'description': 'Only tasks in this state.',
          }),
        }),
        'type': 'object',
      }),
      'name': 'task_list',
      'outputSchema': dict({
        'additionalProperties': True,
        'type': 'object',
      }),
      'title': 'List tasks',
    }),
    dict({
      'annotations': dict({
        'destructiveHint': False,
        'idempotentHint': True,
        'openWorldHint': False,
        'readOnlyHint': True,
        'title': 'Runtime events',
      }),
      'description': '''
        Recent events from the game and the other providers (oldest first), including ones summarised in notices.
        Pass the returned last_seq as `since` next time to get only newer events.
      ''',
      'inputSchema': dict({
        'additionalProperties': False,
        'properties': dict({
          'kinds': dict({
            'anyOf': list([
              dict({
                'items': dict({
                  'type': 'string',
                }),
                'type': 'array',
              }),
              dict({
                'type': 'null',
              }),
            ]),
            'default': None,
            'description': 'Only these event kinds (e.g. rule.fired, exception).',
          }),
          'limit': dict({
            'default': 200,
            'description': 'At most this many events.',
            'maximum': 1000,
            'minimum': 1,
            'type': 'integer',
          }),
          'since': dict({
            'default': 0,
            'description': 'Only events after this seq (the last_seq of a previous call).',
            'minimum': 0,
            'type': 'integer',
          }),
        }),
        'type': 'object',
      }),
      'name': 'runtime_events',
      'outputSchema': dict({
        'additionalProperties': True,
        'type': 'object',
      }),
      'title': 'Runtime events',
    }),
  ])
# ---
